196
106
106
106
102
174
174
106
94
106
106
23
146
102
196
102
106
223
106
