castella,277A5K42K9T,,,,,
marin,35T642624Q6,,,,,
castella,,TA2KK=245*779,TA5JJ8987J3,C,F,
marin,6,QT=265*234*46*66,K8T9X3Q83KAJ,C,F,
castella,7,7777=J*AA,594XQAQ,C,F,
marin,,KQT=KQA*2*5,,C,T,
castella,,KQQ=7*7,KQA25,C,F,
marin,,866=2*433,,C,T,
castella,K,8JQ=2^3*TK9,,C,T,
marin,Q,QTJ=349*668X|X=9,T243323TK9,C,F,
castella,8,A25T=7*7,668JQ,C,F,
marin,,T89=3*3*J^2,,C,T,
castella,3,QQQ=77*77,3J2,C,F,
marin,,64=2^6,,C,T,
castella,T,KQ=2^5*4A,,C,T,
marin,8,KX=3*9^348|X=K,926254A,C,F,
castella,,QK2TQJK=83*A46A6989J,64KQ,C,F,
marin,,69=3*23,,C,T,
castella,3,5J=7*73,,C,T,
marin,2,8T=2*5,3773,C,F,
castella,6,,,%%,F,
marin,9,98=2*7*7,,C,T,
castella,,KQ=2^5*4A,,C,T,
marin,,KX=23*44A^35|X=K,5J277254A,C,F,
castella,,AT7469=J*83*QK,,C,T,
marin,9,KQJTT5=5*7,8KQJ83QK,C,F,
castella,A,K938T=2*5*J*Q67A,,C,T,
marin,T,8QTAT=2*5*8QTJ,,C,T,
castella,7,,,%,F,
marin,4,K29=3*443,,C,T,
castella,6,7J8=666*AX|X=2,925JQ67A,C,F,
marin,2,35=5*7,,C,T,
castella,5,98=A2AXQ*55*6666*77*JJ|X=2,8QTJK938T8QTAT344,C,F,
marin,3,K3=7*A9,,C,T,
castella,K,6J=K*47,,C,T,
marin,2,KQ=2*2^4*4J*2X|X=J,957357A9K,C,F,
castella,4,8888=4*4,7K36J,C,F,
marin,,K2=J*3*2^2,,C,T,
castella,J,TT=T*T,322,C,F,
marin,K,9A=7*K,,C,T,
castella,2,,,%,F,
marin,7,49=7*7,,C,T,
castella,K,KQ=2^5*4A,,C,T,
marin,,,,%,F,
castella,9,987KT6QAT=2*5*987KT6QJ,,C,T,
marin,,,,%,F,
castella,A,866=2*433,,C,T,
marin,,XQ5=5^4*K|X=8,,C,T,W

mickey,QQJ7A7T9322,,,,,
kanaeneko,88K646Q9X85,,,,,
mickey,2,79TJQQ=A2223*7,6K5TJ3AQKTAA,C,F,
kanaeneko,,KQ=68869*854,4TX8746553,C,F,
mickey,,JQKTTJQKTA257622A937Q=3*AA,993K4J7J2,C,F,
kanaeneko,,,,%%,F,
mickey,,KJ=23*3*A9,,C,T,
kanaeneko,2,,,%,F,
mickey,3,QJ=7*A73,,C,T,
kanaeneko,3,,,%,F,
mickey,,A94=2*97,,C,T,
kanaeneko,A,,,%%,F,
mickey,,JQKTT=2*5*JQKTA,,C,T,
kanaeneko,,,,%,F,
mickey,,6=2*3,,C,T,W

mickey,QQJ7A7T9322,,,,,
kanaeneko,88K646Q9X85,,,,,
mickey,2,79TJQQ=A2223*7,6K5TJ3AQKTAA,C,F,
kanaeneko,,KQ=68869*854,4TX8746553,C,F,
mickey,,JQKTTJQKTA257622A937Q=3*AA,993K4J7J2,C,F,
kanaeneko,,,,%%,F,
mickey,,KJ=23*3*A9,,C,T,
kanaeneko,2,,,%,F,
mickey,3,QJ=7*A73,,C,T,
kanaeneko,3,,,%,F,
mickey,,A94=2*97,,C,T,
kanaeneko,A,,,%%,F,
mickey,,JQKTT=2*5*JQKTA,,C,T,
kanaeneko,,,,%,F,
mickey,,6=2*3,,C,T,W

mickey,QQJ7A7T9322,,,,,
kanaeneko,88K646Q9X85,,,,,
mickey,2,79TJQQ=A2223*7,6K5TJ3AQKTAA,C,F,
kanaeneko,,KQ=68869*854,4TX8746553,C,F,
mickey,,JQKTTJQKTA257622A937Q=3*AA,993K4J7J2,C,F,
kanaeneko,,,,%%,F,
mickey,,KJ=23*3*A9,,C,T,
kanaeneko,2,,,%,F,
mickey,3,QJ=7*A73,,C,T,
kanaeneko,3,,,%,F,
mickey,,A94=2*97,,C,T,
kanaeneko,A,,,%%,F,
mickey,,JQKTT=2*5*JQKTA,,C,T,
kanaeneko,,,,%,F,
mickey,,6=2*3,,C,T,W

kanaeneko,6A977T9QKK6,,,,,
nishimura,43T9K254564,,,,,
kanaeneko,X,T9Q7=K7*96,8Q7JT398,C,F,
nishimura,4,446T,XJ36,P,F,
kanaeneko,J,997=8*6,3Q72J,C,F,
nishimura,,44556633449T,AKQ822TA585A,P,F,
kanaeneko,,A6Q9=Q7*Q7,,C,T,
nishimura,,,,%,F,
kanaeneko,,,,%%,F,
nishimura,Q,,,%%,F,
kanaeneko,,,,%%,F,
nishimura,7,QQ,Q7,P,F,
kanaeneko,,,,%%,F,
nishimura,,7654QKAT=7654QKJ*2*5,A6Q9,C,F,
kanaeneko,,,,%%,F,
nishimura,,97654QKAT=97654QKJ*2*5,,C,F,
kanaeneko,,88=2^3*J,,C,T,
nishimura,2,,,%%,F,
kanaeneko,,,,%%,F,
nishimura,,6T=6A*2*5,,C,T,
kanaeneko,,JJ=TT9*977,3J886A25,C,F,
nishimura,,,,%,F,
kanaeneko,6,6=2*3,,C,T,
nishimura,,,,%,F,
kanaeneko,T,KJ9876T=KJ9876T*X*5|X=2,236,C,F,
nishimura,,A234456789QQKAT=A23445X789QQKJ*2*5|X=6,,C,F,
kanaeneko,,,,%%,F,
nishimura,,62=2*3A,,C,T,
kanaeneko,2,JT=3*37*2*5,,C,T,
nishimura,,,,%,F,
kanaeneko,,KJ986T=KJ986A*2*X|X=5,3A3372562JT,C,F,
nishimura,,98447QQKAT=98447QQKJ*2*5,,C,T,
kanaeneko,,987663KJJT=2*5*987663KJAAX|X=A,98447QQKJ25,C,F,
nishimura,,AX5=5^3|X=2,,C,T,W

castella,48A3K47A596,,,,,
sasara,2K39Q4278KJ,,,,,
castella,9,A3456789=4*9AK,893JT575QX2Q,C,F,
sasara,5,Q3J=K*947,,C,T,
castella,,,,%,F,
sasara,Q,5Q=2^8*2,,C,T,
castella,6,6J=K*47,,C,T,
sasara,,,,%,F,
castella,6,TA38QX=3^2*AQ64579|X=J,,C,T,
sasara,,,,%,F,
castella,J,,,%%,F,
sasara,,K,,P,T,W

3TK,37ATJXJ686T,,,,,
OTTY,8TQ94KK2JK5,,,,,
3TK,2,A236678TTJJX|X=0,A6675759Q4J4,C,F,
OTTY,2,KKKT2458=9JQ*2,3XQQA7K85923,C,F,
3TK,,66T66AA23445,8A4T93,P,F,
OTTY,,,,%%,F,
3TK,,49=7*7,,C,T,
OTTY,,99=3*3*J,,C,T,
3TK,7,6T=5*78897T,733J,C,F,
OTTY,,KQ=4A*2^5,,C,T,
3TK,4,,,%,F,
OTTY,,KK=TX*K|X=A,,C,T,
3TK,,,,%,F,
OTTY,,8Q8=Q7*2^5*2,,C,T,W

OTTY,36J8558497A,,,,,
sasara,A3T7A53KQK7,,,,,
OTTY,8,,,%%,F,
sasara,6,KK=TA*A3,,C,T,
OTTY,J,,,%,F,
sasara,X,,,%%,F,
OTTY,8,88886=3455*JJ9,97QXT492KTQ5,C,F,
sasara,,635=X*Q7|X=5,,C,T,
OTTY,9,99T=99A*2*5,,C,T,
sasara,,,,%,F,
OTTY,2,88=2^3*J,,C,T,
sasara,,,,%,F,
OTTY,K,,,%,F,
sasara,,7,,P,T,W

OTTY,36J8558497A,,,,,
sasara,A3T7A53KQK7,,,,,
OTTY,8,,,%%,F,
sasara,6,KK=TA*A3,,C,T,
OTTY,J,,,%,F,
sasara,X,,,%%,F,
OTTY,8,88886=3455*JJ9,97QXT492KTQ5,C,F,
sasara,,635=X*Q7|X=5,,C,T,
OTTY,9,99T=99A*2*5,,C,T,
sasara,,,,%,F,
OTTY,2,88=2^3*J,,C,T,
sasara,,,,%,F,
OTTY,K,,,%,F,
sasara,,7,,P,T,W

sasara,2K5Q95K8723,,,,,
mickey,TJJQT4X66KT,,,,,
sasara,,89Q=2^3*2*557,,C,T,
mickey,A,TTT=KQXJJ*664A|X=Q,63Q5J94Q8TX9,C,F,
sasara,3,K3K,,P,T,W

sasara,2K5Q95K8723,,,,,
mickey,TJJQT4X66KT,,,,,
sasara,,89Q=2^3*2*557,,C,T,
mickey,A,TTT=KQXJJ*664A|X=Q,63Q5J94Q8TX9,C,F,
sasara,3,K3K,,P,T,W

3TK,76KXQ28826K,,,,,
sasara,94QX735JQ9A,,,,,
3TK,5,22566788QKKX|X=0,834JTT2A2KT7,C,F,
sasara,4,993XJQA457Q4|X=0,4JT3J696KA97,C,F,
3TK,8,A22223456677888,A35Q5,P,F,
sasara,,5Q3=47*T9,,C,T,
3TK,,QQJ=2287*53,,C,T,
sasara,4,,,%,F,
3TK,,,,%%,F,
sasara,,49K=A7^3,,C,T,
3TK,,86T=2*3*5*7*4A,,C,T,
sasara,,,,%,F,
3TK,7,KK=TA*K,,C,T,
sasara,,,,%,F,
3TK,T,8,9,P,F,
sasara,,Q6AX9=J*J4649|X=K,,C,T,
3TK,2,,,%%,F,
sasara,,J,,P,T,W

sasara,95963J2534T,,,,,
marin,Q85KAK337Q5,,,,,
sasara,J,,,%%,F,
marin,8,3355788QK=K*QA,7T9AJ2A48T8Q,C,F,
sasara,Q,5346TJJQ9=23*59,46K4627TA2769,C,F,
marin,X,88T=2*5*88A,,C,T,
sasara,,,,%%,F,
marin,X,Q9=3*43,,C,T,
sasara,J,,,%,F,
marin,K,QJ=7*A7X|X=3,,C,T,
sasara,2,KQ=2^5*4A,,C,T,
marin,5,KK=TA*K,,C,T,
sasara,,,,%,F,
marin,,Q5=5^X|X=3,,C,T,W

marin,Q556852J93X,,,,,
OTTY,Q8T777T68K5,,,,,
marin,2,6=2*3,,C,T,
OTTY,T,T=TT877*Q87K65,TQ3JK3JAA929,C,F,
marin,4,J8=2*59,,C,T,
OTTY,A,,,%%,F,
marin,X,XQ5=5^4*X|X=3|X=5,,C,T,W

marin,35Q24K88A93,,,,,
OTTY,349AT867K5X,,,,,
marin,2,KQ=2^5*4A*9^83328,5AXQ42QJ5TK6,C,F,
OTTY,6,864T76=53*9K,J47AQJ693J,C,F,
marin,7,Q5=5^3,,C,T,
OTTY,2,6T=6A*2*5,,C,T,
marin,T,QT=2*5*AA*J,,C,T,
OTTY,K,,,%,F,
marin,9,2324467889Q,87T536A2525,P,F,
OTTY,,KQJJ=347*378K,,C,T,
marin,A,KKQT=2*3*5*A67^262A,AJQ56TQT347378,C,F,
OTTY,K,649=J*X9|X=5,,C,T,
marin,K,QTT=2*5*QTA,,C,T,
OTTY,,,,%,F,
marin,Q,8882=2*444A,,C,T,W

3TK,4T7K23X255T,,,,,
marin,K378Q287T66,,,,,
3TK,9,9T=K*5*2*7,,C,T,
marin,6,KQ=2*6^3667788T,6A3TJ7K9A4A3,C,F,
3TK,,XT=2*5*3^4|X=8,,C,T,W

castella,K5AA345J8T9,,,,,
3TK,X64X6QAQT62,,,,,
castella,6,KJT=AA34*98655,J9Q477772K8T,C,F,
3TK,8,A246668TQQXX|X=2|X=4,5J2J3AK39Q9K,C,F,
castella,,7JJ8KQ=2^T*69445K,,C,T,
3TK,3,,,%,F,
castella,8,777=AA35889*T,542T2T69445,C,F,
3TK,,8JQ=TK9*2^3,,C,T,
castella,K,,,%,F,
3TK,7,Q9=43*3,,C,T,
castella,J,KT=A23456789T*245,J8KQTK9238JQ433,C,F,
3TK,,67A=6A*J,,C,T,
castella,,949=K*73,,C,T,
3TK,,,,%,F,
castella,,783T98528A=23^8,,C,T,
3TK,,,,%,F,
castella,Q,4QKTAT=2*5*4QKTJ,,C,T,
3TK,,,,%,F,
castella,9,345679=JJ*Q,6AJK7367A,C,F,
3TK,9,5Q=2^9,,C,T,
castella,4,6J=K*47,,C,T,
3TK,,,,%,F,
castella,9,7J=3*3*79,,C,T,
3TK,,,,%,F,
castella,2,64=2^6,,C,T,
3TK,,6X=X*K|X=5|X=5,,C,T,W

castella,K5AA345J8T9,,,,,
3TK,X64X6QAQT62,,,,,
castella,6,KJT=AA34*98655,J9Q477772K8T,C,F,
3TK,8,A246668TQQXX|X=2|X=4,5J2J3AK39Q9K,C,F,
castella,,7JJ8KQ=2^T*69445K,,C,T,
3TK,3,,,%,F,
castella,8,777=AA35889*T,542T2T69445,C,F,
3TK,,8JQ=TK9*2^3,,C,T,
castella,K,,,%,F,
3TK,7,Q9=43*3,,C,T,
castella,J,KT=A23456789T*245,J8KQTK9238JQ433,C,F,
3TK,,67A=6A*J,,C,T,
castella,,949=K*73,,C,T,
3TK,,,,%,F,
castella,,783T98528A=23^8,,C,T,
3TK,,,,%,F,
castella,Q,4QKTAT=2*5*4QKTJ,,C,T,
3TK,,,,%,F,
castella,9,345679=JJ*Q,6AJK7367A,C,F,
3TK,9,5Q=2^9,,C,T,
castella,4,6J=K*47,,C,T,
3TK,,,,%,F,
castella,9,7J=3*3*79,,C,T,
3TK,,,,%,F,
castella,2,64=2^6,,C,T,
3TK,,6X=X*K|X=5|X=5,,C,T,W

3TK,26J746X8K3K,,,,,
kanaeneko,K4JT85772X7,,,,,
3TK,9,6J=47*K,,C,T,
kanaeneko,A,7T=2*5*7A,,C,T,
3TK,K,,,%,F,
kanaeneko,A,,,%,F,
3TK,,X69=K*K|X=A,,C,T,
kanaeneko,Q,,,%,F,
3TK,,8=2^3,,C,T,W

3TK,74T7X9JQTJ6,,,,,
OTTY,JQATK47K242,,,,,
3TK,Q,46779TTJJQQX|X=Q,3383J56K992A,C,F,
OTTY,7,47JKT24=QK*A27,85QA952X5883,C,F,
3TK,6,A23334566,TKA64,P,F,
OTTY,,,,%%,F,
3TK,,A859=K*K*J,,C,T,
OTTY,,,,%%,F,
3TK,,,,%%,F,
OTTY,,8Q5=5^4*K,,C,T,
3TK,K,JQK=9T9*6646,KJA85954K,C,F,
OTTY,,,,%%,F,
3TK,8,A69=K*K,,C,T,
OTTY,,847=7*AA^2,,C,T,
3TK,,,,%%,F,
OTTY,,8JQ=2^3*XK9|X=T,,C,T,
3TK,,8QJ=6247*K,,C,T,
OTTY,,,,%,F,
3TK,Q,T5=3*5*7,,C,T,
OTTY,,,,%,F,
3TK,5,8JQ=TA39*X^3|X=2,,C,T,
OTTY,,,,%,F,
3TK,K,6J=K*49,K7AA2,C,F,
OTTY,,T=2*5,,C,T,W

3TK,74T7X9JQTJ6,,,,,
OTTY,JQATK47K242,,,,,
3TK,Q,46779TTJJQQX|X=Q,3383J56K992A,C,F,
OTTY,7,47JKT24=QK*A27,85QA952X5883,C,F,
3TK,6,A23334566,TKA64,P,F,
OTTY,,,,%%,F,
3TK,,A859=K*K*J,,C,T,
OTTY,,,,%%,F,
3TK,,,,%%,F,
OTTY,,8Q5=5^4*K,,C,T,
3TK,K,JQK=9T9*6646,KJA85954K,C,F,
OTTY,,,,%%,F,
3TK,8,A69=K*K,,C,T,
OTTY,,847=7*AA^2,,C,T,
3TK,,,,%%,F,
OTTY,,8JQ=2^3*XK9|X=T,,C,T,
3TK,,8QJ=6247*K,,C,T,
OTTY,,,,%,F,
3TK,Q,T5=3*5*7,,C,T,
OTTY,,,,%,F,
3TK,5,8JQ=TA39*X^3|X=2,,C,T,
OTTY,,,,%,F,
3TK,K,6J=K*49,K7AA2,C,F,
OTTY,,T=2*5,,C,T,W

sasara,8276K5KX467,,,,,
3TK,4A3TA269T55,,,,,
sasara,K,KK=K778X*24566|X=0,8A25TX9334QQ,C,F,
3TK,8,AA23455689TT,J4JQ9J73987T,P,F,
sasara,,267=3*89,,C,T,
3TK,J,TTJ=99*76,AQ62K38,C,F,
sasara,9,,,%%,F,
3TK,2,,,%%,F,
sasara,6,,,%%,F,
3TK,7,99=3^2*J,,C,T,
sasara,3,KK=K*TA,,C,T,
3TK,,,,%,F,
sasara,2,,,%%,F,
3TK,,QA=J*J,,C,T,
sasara,J,,,%%,F,
3TK,,8QJ=A3*6247,,C,T,
sasara,K,QQJ=53*2287,,C,T,
3TK,,,,%,F,
sasara,T,,,%,F,
3TK,,94TKT=2*5*883*T657,,C,T,
sasara,A,,,%,F,
3TK,,7A,,P,T,W

3TK,6X924625JA7,,,,,
mickey,284K397KJJ7,,,,,
3TK,T,49=7^2,,C,T,
mickey,4,KJ=447789JK*23,68K5Q5K865TA,C,F,
3TK,,6T=2*5*6A,,C,T,
mickey,,8T=2*5*3^4,,C,T,
3TK,,,,%,F,
mickey,9,845=5*K*K,,C,T,
3TK,,,,%,F,
mickey,Q,A69=K*K,,C,T,
3TK,,,,%,F,
mickey,Q,89JJQQQ=6*77,QAA2X73T98,C,F,
3TK,,XJ|X=2,,C,T,W

mickey,5XT62JQ622A,,,,,
nishimura,9KA437J7A47,,,,,
mickey,A,,,%%,F,
nishimura,,49=7*7,,C,T,
mickey,,6T=2*5*6A,,C,T,
nishimura,,,,%,F,
mickey,9,QA=J^2,,C,T,
nishimura,9,K3=7*A9,,C,T,
mickey,8,X9=2*8|X=K,33K8,C,F,
nishimura,,4AJ,,P,T,W

mickey,5XT62JQ622A,,,,,
nishimura,9KA437J7A47,,,,,
mickey,A,,,%%,F,
nishimura,,49=7*7,,C,T,
mickey,,6T=2*5*6A,,C,T,
nishimura,,,,%,F,
mickey,9,QA=J^2,,C,T,
nishimura,9,K3=7*A9,,C,T,
mickey,8,X9=2*8|X=K,33K8,C,F,
nishimura,,4AJ,,P,T,W

mickey,5XT62JQ622A,,,,,
nishimura,9KA437J7A47,,,,,
mickey,A,,,%%,F,
nishimura,,49=7*7,,C,T,
mickey,,6T=2*5*6A,,C,T,
nishimura,,,,%,F,
mickey,9,QA=J^2,,C,T,
nishimura,9,K3=7*A9,,C,T,
mickey,8,X9=2*8|X=K,33K8,C,F,
nishimura,,4AJ,,P,T,W

kanaeneko,89738Q2JKA5,,,,,
nishimura,49Q95J22TJ2,,,,,
kanaeneko,J,J98=873*Q,43XAKK5,C,F,
nishimura,5,TJQ,638,P,F,
kanaeneko,4,8A=3^4,,C,T,
nishimura,X,QT=2*5*J*J,,C,T,
kanaeneko,A,KK=XA*K|X=T,,C,T,
nishimura,T,,,%,F,
kanaeneko,7,Q5=5^3,,C,T,
nishimura,,,,%,F,
kanaeneko,6,J9=7*A7,,C,T,
nishimura,,,,%,F,
kanaeneko,9,2468=9*J,674AT6,C,F,
nishimura,,96=2^4*2*3,,C,T,
kanaeneko,8,,,%,F,
nishimura,Q,T8=59*X|X=2,7QK3T,C,F,
kanaeneko,3,6464=2^6*TA,,C,T,
nishimura,4,QTQT=3457*89KX|X=3,25JJXAK8AQTK,C,F,
kanaeneko,K,887=KJ3*9,53Q57A7,C,F,
nishimura,,4K=7*59,,C,T,
kanaeneko,J,,,%%,F,
nishimura,9,,,%%,F,
kanaeneko,2,,,%%,F,
nishimura,4,,,%%,F,
kanaeneko,,K3=7*A9,,C,T,
nishimura,2,QQ,39,P,F,
kanaeneko,6,875=5^3*7,,C,T,
nishimura,,,,%%,F,
kanaeneko,2,Q8=2*2^6,,C,T,
nishimura,6,,,%%,F,
kanaeneko,T,JTJ,A64,P,F,
nishimura,6,,,%%,F,
kanaeneko,4,T6JAJ=4^4,7594K7A,C,F,
nishimura,,9K6QQTAT=5*2*9K6QA2TJ,,C,T,
kanaeneko,9,,,%,F,
nishimura,K,8,3,P,F,
kanaeneko,5,,,%%,F,
nishimura,3,,,%,F,
kanaeneko,,,,%%,F,
nishimura,,883,,P,T,
kanaeneko,,,,%,F,
nishimura,,4JK,,P,T,
kanaeneko,,,,%,F,
nishimura,,3,,P,T,
kanaeneko,,,,%,F,
nishimura,,33XX|X=3|X=A,,C,T,W

kanaeneko,89738Q2JKA5,,,,,
nishimura,49Q95J22TJ2,,,,,
kanaeneko,J,J98=873*Q,43XAKK5,C,F,
nishimura,5,TJQ,638,P,F,
kanaeneko,4,8A=3^4,,C,T,
nishimura,X,QT=2*5*J*J,,C,T,
kanaeneko,A,KK=XA*K|X=T,,C,T,
nishimura,T,,,%,F,
kanaeneko,7,Q5=5^3,,C,T,
nishimura,,,,%,F,
kanaeneko,6,J9=7*A7,,C,T,
nishimura,,,,%,F,
kanaeneko,9,2468=9*J,674AT6,C,F,
nishimura,,96=2^4*2*3,,C,T,
kanaeneko,8,,,%,F,
nishimura,Q,T8=59*X|X=2,7QK3T,C,F,
kanaeneko,3,6464=2^6*TA,,C,T,
nishimura,4,QTQT=3457*89KX|X=3,25JJXAK8AQTK,C,F,
kanaeneko,K,887=KJ3*9,53Q57A7,C,F,
nishimura,,4K=7*59,,C,T,
kanaeneko,J,,,%%,F,
nishimura,9,,,%%,F,
kanaeneko,2,,,%%,F,
nishimura,4,,,%%,F,
kanaeneko,,K3=7*A9,,C,T,
nishimura,2,QQ,39,P,F,
kanaeneko,6,875=5^3*7,,C,T,
nishimura,,,,%%,F,
kanaeneko,2,Q8=2*2^6,,C,T,
nishimura,6,,,%%,F,
kanaeneko,T,JTJ,A64,P,F,
nishimura,6,,,%%,F,
kanaeneko,4,T6JAJ=4^4,7594K7A,C,F,
nishimura,,9K6QQTAT=5*2*9K6QA2TJ,,C,T,
kanaeneko,9,,,%,F,
nishimura,K,8,3,P,F,
kanaeneko,5,,,%%,F,
nishimura,3,,,%,F,
kanaeneko,,,,%%,F,
nishimura,,883,,P,T,
kanaeneko,,,,%,F,
nishimura,,4JK,,P,T,
kanaeneko,,,,%,F,
nishimura,,3,,P,T,
kanaeneko,,,,%,F,
nishimura,,33XX|X=3|X=A,,C,T,W

marin,48JT7399J62,,,,,
nishimura,TAK2AKKTXK4,,,,,
marin,7,TJ=243*677*89*J9,6J6743574T9Q,C,F,
nishimura,5,T,6,P,F,
marin,,233444666778=5779*Q,Q382528QQ93A8JA5X,C,F,
nishimura,,,,%,F,
marin,,88642T=88642A*2*5,,C,T,
nishimura,,,,%,F,
marin,8,JJ=TA*J,,C,T,
nishimura,,,,%,F,
marin,8,Q9=3*43,,C,T,
nishimura,,4T=XA*2*5|X=4,,C,T,
marin,6,QJ=7*X73|X=A,,C,T,
nishimura,,KK=TA*K,,C,T,
marin,,,,%,F,
nishimura,,6K,,P,T,W

castella,739J46324QK,,,,,
marin,58K75526KXT,,,,,
castella,J,Q3J=K*947,,C,T,
marin,6,6KT=2*5*6KX|X=A,,C,T,
castella,Q,,,%,F,
marin,2,85=5*27,647JT,C,F,
castella,X,6=2*4,ATT,C,F,
marin,A,JT=245*56A778,J58Q28A34KA,C,F,
castella,9,A23469TTJ=Q*X|X=2,8739Q9K9472,C,F,
marin,,AAA2=2344*58,56KXQ3J6KT,C,F,
castella,,,,%%,F,
marin,,85=5*A7,,C,T,
castella,5,98=7*6,A7,C,F,
marin,8,QT=2*5*J*J,,C,T,
castella,,,,%,F,
marin,5,864T=2*5*864A,,C,T,
castella,,,,%,F,
marin,2,8=2^3,,C,T,
castella,5,,,%,F,
marin,J,A3567JJQKK=K*X|X=J,JQT25864A864,C,F,
castella,,K46AT2J=Q7*Q7*83459,,C,T,
marin,T,6QKJATQ=A234*468,238Q7Q783459,C,F,
castella,K,9T=2*5*7*K,,C,T,
marin,4,QT=2*5*J*J,,C,T,
castella,,,,%,F,
marin,6,8648AT=2*5*8648J,,C,T,
castella,,,,%,F,
marin,A,Q9=3*43,,C,T,
castella,,,,%,F,
marin,T,77=7*AA,,C,T,
castella,,,,%,F,
marin,2,64=2^6,,C,T,
castella,,,,%,F,
marin,J,KK=TX*K|X=A,,C,T,
castella,,,,%,F,
marin,2,Q=2*35QJ,57K25J,C,F,
castella,,9=3*X|X=3,,C,T,
marin,J,Q=2*2*3,,C,T,
castella,,,,%,F,
marin,9,55=5*J,,C,T,
castella,,,,%,F,
marin,T,KJ=TJ^Q79,QT25864,C,F,
castella,,A9,,P,T,W

marin,59A94KQTT3K,,,,,
kanaeneko,58782T4A5Q3,,,,,
marin,2,K9T2K9AT=34*Q5,K325Q36Q28J6,C,F,
kanaeneko,A,885543=7^2,9697TX74,C,F,
marin,7,JQ5=5^3*89,,C,T,
kanaeneko,8,,,%%,F,
marin,K,K6=2^3*A7,,C,T,
kanaeneko,4,7T=2*5*7A,,C,T,
marin,A,KT=QT^A223469QKK,JJJX65389JQ523,C,F,
kanaeneko,A,88449=67589*3,7257AK67T,C,F,
marin,,86=43*2,,C,T,
kanaeneko,4,,,%,F,
marin,3,5K=3^3*A9,,C,T,
kanaeneko,2,,,%,F,
marin,8,KQ=K^22356,633A95K,C,F,
kanaeneko,,AQ4978=2*53*T6K,,C,T,
marin,2,6QKJAT=2*5*6QKJJ,,C,T,
kanaeneko,,,,%,F,
marin,5,Q5=5^3,,C,T,
kanaeneko,3,,,%,F,
marin,T,8=2^3,,C,T,
kanaeneko,6,T=5*2,,C,T,
marin,K,K=3*J^299TTXK|X=Q,256QKJJAQ4,C,F,
kanaeneko,9,9876443=8776AA49*X|X=2,786QKJAT53Q52352,C,F,
marin,8,86=2*43,,C,T,
kanaeneko,T,Q9=3*43,,C,T,
marin,2,QT=2*5*J*J,,C,T,
kanaeneko,4,KQ=2^5*4A,,C,T,
marin,3,KK=3*QA^299TJK,34325JJ254A,C,F,
kanaeneko,8,97788654A=8*7,6Q9QTKQ,C,F,
marin,,JJ=J*TA,,C,T,
kanaeneko,,,,%,F,
marin,J,4=2*2,,C,T,
kanaeneko,,,,%,F,
marin,T,J5=5*23,,C,T,
kanaeneko,A,8Q=8887*66,JJ224523,C,F,
marin,J,Q9=3*43,,C,T,
kanaeneko,,KQ=2^5*4A,,C,T,
marin,,KK=X*J^A9TK|X=3,5343254A,C,F,
kanaeneko,,97788654T=97788654A*2*X|X=5,,C,T,
marin,,KKK54943T=AA2*3J5,Q9KQ97788654A2X,C,F,
kanaeneko,,66=2*3*J,,C,T,
marin,9,9K=J*83,,C,T,
kanaeneko,7,,,%,F,
marin,7,94=2*47,,C,T,
kanaeneko,8,QQ=TT*JJ7832A,8654T23JJ83,C,F,
marin,6,,,%%,F,
kanaeneko,6,TTT888=5*6,9K24794,C,F,
marin,,86=43*2,,C,T,
kanaeneko,4,,,%,F,
marin,3,95=5*A9,,C,T,
kanaeneko,2,J4=2*3*A9,,C,T,
marin,8,KK=TA*K,,C,T,
kanaeneko,,,,%,F,
marin,6,QQ=A3566*XX877|X=9|X=9,5A923A9TAK95,C,F,
kanaeneko,J,,,%%,F,
marin,,85=5*A7,,C,T,
kanaeneko,4,TT=778*86,KK5A7,C,F,
marin,,9A=7*A3,,C,T,
kanaeneko,,,,%,F,
marin,,6Q9T=K^A2,857A39A,C,F,
kanaeneko,,,,%%,F,
marin,,9A=7*A3,,C,T,
kanaeneko,7,JJ=75*74,A3,C,F,
marin,9,A2355668999,A,P,F,
kanaeneko,,876432KQTAT=5*2*876432KQTJ,,C,T,
marin,5,,,%,F,
kanaeneko,2,,,%%,F,
marin,,A5=3*5,,C,T,
kanaeneko,,57=3*A9,,C,T,
marin,,9K=X*8X|X=J|X=3,,C,T,
kanaeneko,,,,%,F,
marin,,6Q9T=2*5*6Q9A,,C,T,W

marin,5942K2XTJ4K,,,,,
mickey,39KJ77K3A68,,,,,
marin,7,94=2*47,,C,T,
mickey,A,8K=A3A3K*J9776,AX6Q43Q25QT2,C,F,
marin,5,T=2*5,,C,T,
mickey,J,Q=2*2*3,,C,T,
marin,T,K=X*J^5TK|X=3,A96786,C,F,
mickey,,J7=3*3*K,,C,T,
marin,5,KT=A66*875*J9X*K5|X=A,TJ38849Q24794,C,F,
mickey,,65QTK=9AA*7A48X|X=3,,C,T,
marin,2,,,%%,F,
mickey,,6QJ,,P,T,W

marin,5942K2XTJ4K,,,,,
mickey,39KJ77K3A68,,,,,
marin,7,94=2*47,,C,T,
mickey,A,8K=A3A3K*J9776,AX6Q43Q25QT2,C,F,
marin,5,T=2*5,,C,T,
mickey,J,Q=2*2*3,,C,T,
marin,T,K=X*J^5TK|X=3,A96786,C,F,
mickey,,J7=3*3*K,,C,T,
marin,5,KT=A66*875*J9X*K5|X=A,TJ38849Q24794,C,F,
mickey,,65QTK=9AA*7A48X|X=3,,C,T,
marin,2,,,%%,F,
mickey,,6QJ,,P,T,W

mickey,84787T27Q68,,,,,
castella,2K3JQTQX394,,,,,
mickey,8,8888TQ7776=2*4,6JJJK699TQA3,C,F,
castella,4,QQX=2334*49TJK|X=Q,7XK6AAT5552K,C,F,
mickey,A,8877786=T*8,45392,C,F,
castella,,A4QTJ=23*6K957,,C,T,
mickey,2,QJJJT=9*8,36K957,C,F,
castella,A,KQ=2^5*4A,,C,T,
mickey,4,KK=TA*A3,,C,T,
castella,,,,%,F,
mickey,Q,689=7777668658548494*J,TJ254ATAA3KQKK,C,F,
castella,,KT=X*5*A3X|X=2|X=A,,C,T,W

mickey,84787T27Q68,,,,,
castella,2K3JQTQX394,,,,,
mickey,8,8888TQ7776=2*4,6JJJK699TQA3,C,F,
castella,4,QQX=2334*49TJK|X=Q,7XK6AAT5552K,C,F,
mickey,A,8877786=T*8,45392,C,F,
castella,,A4QTJ=23*6K957,,C,T,
mickey,2,QJJJT=9*8,36K957,C,F,
castella,A,KQ=2^5*4A,,C,T,
mickey,4,KK=TA*A3,,C,T,
castella,,,,%,F,
mickey,Q,689=7777668658548494*J,TJ254ATAA3KQKK,C,F,
castella,,KT=X*5*A3X|X=2|X=A,,C,T,W

nishimura,3326T79T894,,,,,
3TK,6JKX6ATTQ82,,,,,
nishimura,8,T,A,P,F,
3TK,9,A26689TTJQKX|X=2,Q4JA2K78AJJK,C,F,
nishimura,Q,TT,7Q,P,F,
3TK,4,JJ=TA*J,,C,T,
nishimura,5,QT=334567*27889A9TQ,7559335X6K24TAJ,C,F,
3TK,J,KK=TA*K,,C,T,
nishimura,J,,,%%,F,
3TK,,QA=J*J,,C,T,
nishimura,T,TJ=3*337,,C,T,
3TK,A,,,%,F,
nishimura,,987654QKTAJ=5*2*987654QA3TX|X=J,KKKJJ3337QATJ,C,F,
3TK,,448=7*2^6,,C,T,
nishimura,7,KKK=37*3*7*A3*K,,C,T,
3TK,,,,%,F,
nishimura,,9847QTQAT=9847QTA2J*2*5,,C,T,
3TK,,,,%,F,
nishimura,2,65JT=5*2*65JX|X=A,,C,T,
3TK,6,,,%%,F,
nishimura,,93J,,P,T,W

3TK,786AA729QA4,,,,,
dilsh,8T5394JT643,,,,,
3TK,X,49=7*7,,C,T,
dilsh,J,8T=3^4*5*4369TJJ,2KX8J536K592,C,F,
3TK,,QA=AA^2,,C,T,
dilsh,T,KJ=3*23*X9|X=A,,C,T,
3TK,,,,%,F,
dilsh,J,625=5^4,,C,T,
3TK,,,,%,F,
dilsh,Q,,,%%,F,
3TK,,86X|X=3,,C,T,W

mickey,9T57Q8JK938,,,,,
dilsh,35A62X364K5,,,,,
mickey,Q,8899T7=35*JQQK,62Q49K9A75XA,C,F,
dilsh,4,,,%%,F,
mickey,K,9987QQKT=9987Q556J4KKX*2*3AA|X=4,26T2JQ7JA8J74TT38,C,F,
dilsh,,K5=3^3*5,,C,T,
mickey,3,9K=J*83,,C,T,
dilsh,3,,,%,F,
mickey,5,9876432ATJQK9876543ATJQKQT25J2A577=8*9,J83K59K,C,F,
dilsh,,64=2^6,,C,T,
mickey,,98=2*7*7,,C,T,
dilsh,,,,%,F,
mickey,2,KQ=2^5*4A,,C,T,
dilsh,,,,%,F,
mickey,6,A825T9=J*K*Q763,,C,T,
dilsh,,,,%,F,
mickey,2,4782969=3^8*3^6,,C,T,
dilsh,,,,%,F,
mickey,7,JQKT=2*5*JQKA,,C,T,
dilsh,,,,%,F,
mickey,,T=X*5|X=2,,C,T,
dilsh,7,,,%,F,
mickey,,7TJ,,P,T,W

nishimura,5TJ9352JQ74,,,,,
mickey,682K96TA2X4,,,,,
nishimura,3,9=3*3,,C,T,
mickey,5,K=224A566*XT89|X=A,T3878A75TQJ9,C,F,
nishimura,,QT=J*J*5*2,,C,T,
mickey,7,KT=2*5*XA|X=K,,C,T,
nishimura,,,,%,F,
mickey,4,T88=2^6*A7,,C,T,
nishimura,,,,%,F,
mickey,8,567=7*3^4,,C,T,
nishimura,,,,%,F,
mickey,X,,,%%,F,
nishimura,,457,,P,T,W

nishimura,5TJ9352JQ74,,,,,
mickey,682K96TA2X4,,,,,
nishimura,3,9=3*3,,C,T,
mickey,5,K=224A566*XT89|X=A,T3878A75TQJ9,C,F,
nishimura,,QT=J*J*5*2,,C,T,
mickey,7,KT=2*5*XA|X=K,,C,T,
nishimura,,,,%,F,
mickey,4,T88=2^6*A7,,C,T,
nishimura,,,,%,F,
mickey,8,567=7*3^4,,C,T,
nishimura,,,,%,F,
mickey,X,,,%%,F,
nishimura,,457,,P,T,W

nishimura,5TJ9352JQ74,,,,,
mickey,682K96TA2X4,,,,,
nishimura,3,9=3*3,,C,T,
mickey,5,K=224A566*XT89|X=A,T3878A75TQJ9,C,F,
nishimura,,QT=J*J*5*2,,C,T,
mickey,7,KT=2*5*XA|X=K,,C,T,
nishimura,,,,%,F,
mickey,4,T88=2^6*A7,,C,T,
nishimura,,,,%,F,
mickey,8,567=7*3^4,,C,T,
nishimura,,,,%,F,
mickey,X,,,%%,F,
nishimura,,457,,P,T,W

sasara,9Q9844Q2X58,,,,,
mickey,T9J422J7JQA,,,,,
sasara,9,,,%%,F,
mickey,2,QAJJT24292=7*J,67K75T685KXA,C,F,
sasara,3,244588999QQ=3*X|X=J,73A4J6T638A3K,C,F,
mickey,K,T485762A97KKK2J2XQAJJ=T*765|X=0,T5Q,C,F,
sasara,,,,%%,F,
mickey,,7652TJQKT=7652TJQKA*2*5,,C,F,
sasara,,,,%%,F,
mickey,,,,%%,F,
sasara,,Q57=3*4A9,,C,T,
mickey,,Q67=7*A8A,,C,T,
sasara,3,8JQ=2^3*TK9,,C,T,
mickey,4,KKQ=T*657559TTJJJ442,A97A8A23TK9,C,F,
sasara,Q,,,%%,F,
mickey,5,9876543ATJQK=TT*9,7Q678JQ,C,F,
sasara,,9=3*3,,C,T,
mickey,3,T=2*5,,C,T,
sasara,3,,,%,F,
mickey,2,,,%%,F,
sasara,5,,,%%,F,
mickey,,JKT=2*5*JKA,,C,T,
sasara,9,,,%%,F,
mickey,,,,%%,F,
sasara,T,,,%,F,
mickey,,65QTK=9J*7A483,,C,T,
sasara,2,,,%,F,
mickey,,65QTK=9J*7A483,,C,T,
sasara,5,,,%,F,
mickey,,7Q=2*2*2*X9|X=8,,C,T,
sasara,J,8T=2*3^4*5,,C,T,
mickey,,,,%,F,
sasara,K,KQ=X^5*4A|X=2,,C,T,
mickey,,,,%,F,
sasara,A,,,%,F,
mickey,,7,,P,T,W

sasara,9Q9844Q2X58,,,,,
mickey,T9J422J7JQA,,,,,
sasara,9,,,%%,F,
mickey,2,QAJJT24292=7*J,67K75T685KXA,C,F,
sasara,3,244588999QQ=3*X|X=J,73A4J6T638A3K,C,F,
mickey,K,T485762A97KKK2J2XQAJJ=T*765|X=0,T5Q,C,F,
sasara,,,,%%,F,
mickey,,7652TJQKT=7652TJQKA*2*5,,C,F,
sasara,,,,%%,F,
mickey,,,,%%,F,
sasara,,Q57=3*4A9,,C,T,
mickey,,Q67=7*A8A,,C,T,
sasara,3,8JQ=2^3*TK9,,C,T,
mickey,4,KKQ=T*657559TTJJJ442,A97A8A23TK9,C,F,
sasara,Q,,,%%,F,
mickey,5,9876543ATJQK=TT*9,7Q678JQ,C,F,
sasara,,9=3*3,,C,T,
mickey,3,T=2*5,,C,T,
sasara,3,,,%,F,
mickey,2,,,%%,F,
sasara,5,,,%%,F,
mickey,,JKT=2*5*JKA,,C,T,
sasara,9,,,%%,F,
mickey,,,,%%,F,
sasara,T,,,%,F,
mickey,,65QTK=9J*7A483,,C,T,
sasara,2,,,%,F,
mickey,,65QTK=9J*7A483,,C,T,
sasara,5,,,%,F,
mickey,,7Q=2*2*2*X9|X=8,,C,T,
sasara,J,8T=2*3^4*5,,C,T,
mickey,,,,%,F,
sasara,K,KQ=X^5*4A|X=2,,C,T,
mickey,,,,%,F,
sasara,A,,,%,F,
mickey,,7,,P,T,W

sasara,9Q9844Q2X58,,,,,
mickey,T9J422J7JQA,,,,,
sasara,9,,,%%,F,
mickey,2,QAJJT24292=7*J,67K75T685KXA,C,F,
sasara,3,244588999QQ=3*X|X=J,73A4J6T638A3K,C,F,
mickey,K,T485762A97KKK2J2XQAJJ=T*765|X=0,T5Q,C,F,
sasara,,,,%%,F,
mickey,,7652TJQKT=7652TJQKA*2*5,,C,F,
sasara,,,,%%,F,
mickey,,,,%%,F,
sasara,,Q57=3*4A9,,C,T,
mickey,,Q67=7*A8A,,C,T,
sasara,3,8JQ=2^3*TK9,,C,T,
mickey,4,KKQ=T*657559TTJJJ442,A97A8A23TK9,C,F,
sasara,Q,,,%%,F,
mickey,5,9876543ATJQK=TT*9,7Q678JQ,C,F,
sasara,,9=3*3,,C,T,
mickey,3,T=2*5,,C,T,
sasara,3,,,%,F,
mickey,2,,,%%,F,
sasara,5,,,%%,F,
mickey,,JKT=2*5*JKA,,C,T,
sasara,9,,,%%,F,
mickey,,,,%%,F,
sasara,T,,,%,F,
mickey,,65QTK=9J*7A483,,C,T,
sasara,2,,,%,F,
mickey,,65QTK=9J*7A483,,C,T,
sasara,5,,,%,F,
mickey,,7Q=2*2*2*X9|X=8,,C,T,
sasara,J,8T=2*3^4*5,,C,T,
mickey,,,,%,F,
sasara,K,KQ=X^5*4A|X=2,,C,T,
mickey,,,,%,F,
sasara,A,,,%,F,
mickey,,7,,P,T,W

mickey,J295J974AQ4,,,,,
OTTY,535K2T4737J,,,,,
mickey,3,99J23=Q5J7*4A4,J2A638QK6KTA,C,F,
OTTY,T,KT=4*5,2987,C,F,
mickey,,A69=A3*K,,C,T,
OTTY,K,,,%,F,
mickey,,4=2*2,,C,T,
OTTY,X,T=2*5,,C,T,
mickey,,,,%,F,
OTTY,,4K=59*7,,C,T,
mickey,,,,%,F,
OTTY,,JT=37*3*2*X|X=5,,C,T,
mickey,6,QK=566789TJJJQ*43A,958648QAXTQA3KA6,C,F,
OTTY,,87K,,P,T,W

sasara,85A64XT44J5,,,,,
castella,K692A8T32QX,,,,,
sasara,Q,,,%%,F,
castella,4,8XQ=2^3*TK9|X=J,,C,T,
sasara,8,,,%%,F,
castella,,A6=2^4,,C,T,W

OTTY,X422J52JA8X,,,,,
sasara,TJK3485759J,,,,,
OTTY,,48X=2*2*J*J|X=4,,C,T,
sasara,,559=K*43,,C,T,
OTTY,,,,%,F,
sasara,6,6,A,P,F,
OTTY,,AX=2*5|X=0,,C,T,W

sasara,4KTT74K5236,,,,,
OTTY,TX27A69XA89,,,,,
sasara,A,4TT=2*3*5*K67,,C,T,
OTTY,3,,,%%,F,W

mickey,JA8489K328Q,,,,,
castella,57932AT9T6Q,,,,,
mickey,4,88984=34JQK*A2,58K543X626J4,C,F,
castella,K,356799=TT*A2Q*K,AX9625Q7JKJ7,C,F,
mickey,A,8844=6*8,Q7T3T,C,F,
castella,,97KQ6AT=2*5*97KQ6J,,C,T,
mickey,2,984KKAT=7*8,597KQ6J,C,F,
castella,9,,,%%,F,
mickey,,886=2*443,,C,T,
castella,,T99=7*A5X|X=7,,C,T,
mickey,7,QQJ=2287*53,,C,T,
castella,,,,%,F,
mickey,K,TT7469=J*83*QK,Q6AT24437A5,C,F,
castella,,23J,,P,T,W

mickey,JA8489K328Q,,,,,
castella,57932AT9T6Q,,,,,
mickey,4,88984=34JQK*A2,58K543X626J4,C,F,
castella,K,356799=TT*A2Q*K,AX9625Q7JKJ7,C,F,
mickey,A,8844=6*8,Q7T3T,C,F,
castella,,97KQ6AT=2*5*97KQ6J,,C,T,
mickey,2,984KKAT=7*8,597KQ6J,C,F,
castella,9,,,%%,F,
mickey,,886=2*443,,C,T,
castella,,T99=7*A5X|X=7,,C,T,
mickey,7,QQJ=2287*53,,C,T,
castella,,,,%,F,
mickey,K,TT7469=J*83*QK,Q6AT24437A5,C,F,
castella,,23J,,P,T,W

castella,27KT4KA8829,,,,,
OTTY,X5Q6978J965,,,,,
castella,3,A234=27889*TKK,J48AJ3X45Q23,C,F,
OTTY,,,,%%,F,
castella,,4Q8A57=J*J*T9*3K,,C,T,
OTTY,,,,%,F,
castella,,,,%%,F,
OTTY,A,66=7*5,9723,C,F,
castella,7,,,%%,F,
OTTY,K,,,%%,F,
castella,4,8K=3*27A,,C,T,
OTTY,Q,,,%,F,
castella,,48=2^4*3,,C,T,
OTTY,,JQ=2^3*K9,,C,T,
castella,,,,%,F,
OTTY,5,X95=79*5|X=3,,C,T,
castella,,,,%,F,
OTTY,T,,,%,F,
castella,,4=2*X|X=2,,C,T,W

kanaeneko,4T476Q7XAQA,,,,,
OTTY,6642T7Q2Q72,,,,,
kanaeneko,K,QQ77=T6K44*AAX|X=3,8TXKJ8655838,C,F,
OTTY,J,7QT7Q=224*66J,JKT395K9A95,C,F,
kanaeneko,4,,,%%,F,
OTTY,2,,,%%,F,
kanaeneko,3,887643KQTJX=887643KQTAA*5*X|X=0|X=2,3J9A,C,F,
OTTY,,,,%%,F,
kanaeneko,,8876543AKQJT=8876543AKQJT*X*X|X=2|X=5,,C,F,
OTTY,,9T9T=2*5*7*7*K^2*J,,C,T,
kanaeneko,2,KJKQ=2^4*8A9457,,C,T,
OTTY,5,,,%,F,
kanaeneko,7,,,%%,F,
OTTY,,,,%%,F,
kanaeneko,,8883=3^3*7*47,,C,T,
OTTY,,,,%,F,
kanaeneko,7,,,%%,F,
OTTY,,,,%%,F,
kanaeneko,K,,,%%,F,
OTTY,2,66=J*2*3,,C,T,
kanaeneko,J,AT=J*5*X|X=2,,C,T,
OTTY,,KQ=4A*2^5,,C,T,
kanaeneko,,,,%,F,
OTTY,,5Q=2^9,,C,T,W

kanaeneko,32K5T274778,,,,,
castella,68T684QJ8X4,,,,,
kanaeneko,4,777=24458*T32K,QT7X9J233JKK,C,F,
castella,5,888X=44566*TJQ|X=8,9QJK2TAA6A9A,C,F,
kanaeneko,3,,,%%,F,
castella,9,88=8*X|X=8,556Q,C,F,
kanaeneko,,,,%%,F,
castella,,48828Q5=5^T*5,,C,T,
kanaeneko,,,,%%,F,
castella,,AAAAJJX=9*9*9|X=J,5T548828Q5,C,F,
kanaeneko,,233477TJKX=2*5*233477TJK|X=0,,C,F,
castella,,8Q5=5^4*K,,C,T,
kanaeneko,,KKQ=2^4*29*283,,C,T,
castella,5,,,%,F,
kanaeneko,4,,,%%,F,
castella,K,9866QAT=2*5*9866QJ,24292838Q5KKQ,C,F,
kanaeneko,,,,%%,F,
castella,,,,%%,F,
kanaeneko,,TJTJ=3X7*3*73*K7|X=3,,C,T,
castella,,KQJQ=2*2*2*3*TA*54K,,C,T,
kanaeneko,3,,,%,F,
castella,X,8866T=2*5*8866A,,C,T,
kanaeneko,7,,,%,F,
castella,3,AA3459999JQQK=X*X|X=2|X=2,73K72223TA54KTJ,C,F,
kanaeneko,T,T47=47*53,JKQJQ25,C,F,
castella,,,,%%,F,
kanaeneko,8,QQJJ8775=5*K^3,866A8866T,C,F,
castella,,9Q9Q=2^4*3*7*J*K*A9,,C,T,
kanaeneko,2,,,%,F,
castella,4,,,%%,F,
kanaeneko,3,,,%%,F,
castella,,4KKAT=2*5*4A3XJ|X=Q,7JKA99Q9Q,C,F,
kanaeneko,,,,%%,F,
castella,,,,%%,F,
kanaeneko,,Q3466788T=Q3466788A*2*5,,C,F,
castella,,993KJQAT=2*5*993KJQAA,,C,F,
kanaeneko,,Q3466878T=Q3466878A*2*5,,C,T,
castella,Q,,,%,F,
kanaeneko,,T=2*5,,C,T,
castella,3,Q=2*2*3,,C,T,
kanaeneko,,,,%,F,
castella,4,974KQJ=X*5*974KQJ|X=2,66878A25Q34668,C,F,
kanaeneko,,KJJ,,P,T,W

OTTY,5589735A5J3,,,,,
nishimura,6QT9J2JQX4T,,,,,
OTTY,,,,%%,F,
nishimura,2,TTJJQQ,2A47JK,P,F,
OTTY,3,,,%%,F,
nishimura,Q,TTQQ,83T2,P,F,
OTTY,X,85=A7*5,,C,T,
nishimura,7,,,%%,F,
OTTY,,9=3*3,,C,T,
nishimura,4,,,%%,F,
OTTY,,J5=X3*5|X=2,,C,T,W

OTTY,5589735A5J3,,,,,
nishimura,6QT9J2JQX4T,,,,,
OTTY,,,,%%,F,
nishimura,2,TTJJQQ,2A47JK,P,F,
OTTY,3,,,%%,F,
nishimura,Q,TTQQ,83T2,P,F,
OTTY,X,85=A7*5,,C,T,
nishimura,7,,,%%,F,
OTTY,,9=3*3,,C,T,
nishimura,4,,,%%,F,
OTTY,,J5=X3*5|X=2,,C,T,W

dilsh,K97655337AK,,,,,
OTTY,T382264JTAX,,,,,
dilsh,4,57=3*A9*3,AJ5J74,C,F,
OTTY,K,,,%%,F,
dilsh,A,797653443AA5A=J^5*KK7J,Q8T5Q66Q239K9TX829J,C,F,
OTTY,7,7=6*4,48Q,C,F,
dilsh,,65QTK=9J*7A483,,C,T,
OTTY,,,,%,F,
dilsh,,235794769A=J^8*J,,C,T,
OTTY,9,,,%,F,
dilsh,,,,%%,F,
OTTY,J,T8J=9J*678,7A48365Q,C,F,
dilsh,T,KQT=KQA*2*5,,C,T,
OTTY,,,,%,F,
dilsh,K,T6=X*53|X=2,,C,T,
OTTY,,6J=47*K,,C,T,
dilsh,,,,%,F,
OTTY,,8T8T=3^4*2*5*7*J*A3,,C,T,
dilsh,,,,%,F,
OTTY,J,QA=J^2,,C,T,
dilsh,,,,%,F,
OTTY,8,,,%%,F,
dilsh,,K9,,P,T,W

kanaeneko,3493J86AJXK,,,,,
dilsh,XJ7686AT227,,,,,
kanaeneko,,9=3*3A468JJKX|X=0,8QKQ6AT3TQ4,C,F,
dilsh,9,968=2^6772JXA|X=0,75TAQ3J2579,C,F,
kanaeneko,4,QQQ=4446*83,5KK84529,C,F,
dilsh,,,,%%,F,
kanaeneko,,KKQJ86449T=2*5*KKQJ86449A,,C,F,
dilsh,,23579X769A=J^8*J|X=4,,C,T,
kanaeneko,,KKQJ44689T=2*5*KKQJ44689A,J8J,C,F,
dilsh,2,27T=27A*2*5,,C,T,
kanaeneko,3,88T=2*5*88A,,C,T,
dilsh,5,,,%,F,
kanaeneko,7,JJJA=X39*4649|X=2,,C,T,
dilsh,9,,,%,F,
kanaeneko,X,,,%%,F,
dilsh,7,QT9=7^56,69A27A,C,F,
kanaeneko,2,,,%%,F,
dilsh,5,679T=679A*2*5,,C,T,
kanaeneko,2,,,%,F,
dilsh,5,Q=5^5A,88A2,C,F,
kanaeneko,7,,,%%,F,
dilsh,T,5258=TA^8,88TX394,C,F,
kanaeneko,6,KK743QT=KK743QX*2*5|X=A,49JJJA679A25679T,C,F,
dilsh,,88T=2*5*88A,,C,T,
kanaeneko,,QJT=2*3*5*J*367,,C,T,
dilsh,2,,,%,F,
kanaeneko,5,45679KKQJT=45679KKQJA*2*X|X=5,88A235J36788TQJT,C,F,
dilsh,,,,%%,F,
kanaeneko,,988765432JKQTJAAT=988765432JKQTJ*2*5,,C,F,
dilsh,,,,%%,F,
kanaeneko,,988765432JKQTAT=2*5*988765432JKQTJ,,C,F,
dilsh,,Q9=3*4X|X=3,,C,T,
kanaeneko,,,,%,F,
dilsh,3,T=2*5,,C,T,
kanaeneko,,,,%,F,
dilsh,,3A,,P,T,W

nishimura,4J83535A2QA,,,,,
sasara,K7X2TKX2636,,,,,
nishimura,4,A4Q,T8J,P,F,
sasara,3,KT72=2^K*X^6|X=2,KJ9T9QAA,C,F,
nishimura,K,AA=33445*2588TJJQK,74J9QQT586974576,C,F,
sasara,,,,%%,F,
nishimura,8,Q,2,P,F,
sasara,,KT72=2^6*X^9|X=2,,C,F,
nishimura,,,,%,F,
sasara,,KT72=2^6*X*J|X=2,,C,F,
nishimura,,,,%,F,
sasara,,KT72=2^6*X^J|X=2,,C,T,
nishimura,2,88QT=88QA*2*5,6XJ,C,F,
sasara,,KK=A3*TA,,C,T,
nishimura,,,,%,F,
sasara,K,Q,T,P,F,
nishimura,,845=5*K^2,,C,T,
sasara,7,63K=X9*T7|X=5,,C,T,
nishimura,,8QJ=A3*6247,,C,T,
sasara,2,,,%,F,
nishimura,A,,,%%,F,
sasara,,Q29,,P,T,W

nishimura,4J83535A2QA,,,,,
sasara,K7X2TKX2636,,,,,
nishimura,4,A4Q,T8J,P,F,
sasara,3,KT72=2^K*X^6|X=2,KJ9T9QAA,C,F,
nishimura,K,AA=33445*2588TJJQK,74J9QQT586974576,C,F,
sasara,,,,%%,F,
nishimura,8,Q,2,P,F,
sasara,,KT72=2^6*X^9|X=2,,C,F,
nishimura,,,,%,F,
sasara,,KT72=2^6*X*J|X=2,,C,F,
nishimura,,,,%,F,
sasara,,KT72=2^6*X^J|X=2,,C,T,
nishimura,2,88QT=88QA*2*5,6XJ,C,F,
sasara,,KK=A3*TA,,C,T,
nishimura,,,,%,F,
sasara,K,Q,T,P,F,
nishimura,,845=5*K^2,,C,T,
sasara,7,63K=X9*T7|X=5,,C,T,
nishimura,,8QJ=A3*6247,,C,T,
sasara,2,,,%,F,
nishimura,A,,,%%,F,
sasara,,Q29,,P,T,W

dilsh,JQ42638K89Q,,,,,
nishimura,89J7T6QA7XK,,,,,
dilsh,9,89Q89Q=2^3*K6J4,243532J6A8JA,C,F,
nishimura,4,QK=AX467*789TJ|X=2,KTT945KA6X75,C,F,
dilsh,7,KQJ=3^J,5Q2T3,C,F,
nishimura,,,,%,F,
dilsh,,,,%%,F,
nishimura,,,,%%,F,
dilsh,,9864332QJQT=9864332QJA2A*2*5,,C,F,
nishimura,,,,%%,F,
dilsh,,,,%%,F,
nishimura,,,,%%,F,
dilsh,,,,%%,F,
nishimura,,9764KTAT=9764KTJ*5*X|X=2,,C,F,
dilsh,,,,%%,F,
nishimura,,TK4679AT=TK4679J*5*X|X=2,,C,F,
dilsh,,,,%%,F,
nishimura,,9764TKT=9764TKA*5*X|X=2,,C,F,
dilsh,,983QJQT=983QJA2A*2*5,,C,F,
nishimura,,964KTAT=964KTJ*5*X|X=2,,C,T,
dilsh,,983JQQT=983JQA2A*2*5,964KTJ5X,C,F,
nishimura,,,,%%,F,
dilsh,,983QQJT=2*5*983QA2JA,964KTAT,C,F,
nishimura,,,,%%,F,
dilsh,,,,%%,F,
nishimura,,,,%%,F,
dilsh,,,,%%,F,
nishimura,,,,%%,F,
dilsh,,KTQAT=2*5*KTQJ,,C,T,
nishimura,,,,%,F,
dilsh,,459497298635X2A6A=J^2^4|X=7,,C,T,
nishimura,2,,,%,F,
dilsh,5,,,%%,F,
nishimura,K,,,%%,F,
dilsh,T,689=K*53,,C,T,
nishimura,Q,QQK=A257*X778K|X=6,JKTQATJ24459,C,F,
dilsh,4,463=3^48TTJQJ,97298635X2A,C,F,
nishimura,6,,,%,F,
dilsh,A,,,%%,F,
nishimura,K,98=7*7*2,,C,T,
dilsh,5,XQ=2^5*4A|X=K,,C,T,
nishimura,,,,%,F,
dilsh,3,9863JT=9863JA*2*5,689772254A98XQ,C,F,
nishimura,,,,%%,F,
dilsh,,99876433JT=99876433JA*2*5,,C,F,
nishimura,,,,%%,F,
dilsh,,99874633JT=2*5*99874633JA,,C,F,
nishimura,,,,%%,F,
dilsh,,99846733JT=99846733JA*2*5,,C,T,
nishimura,,JTJTQQQ7KK=445*6KK,99846733JA25,C,F,
dilsh,,Q8=2^7,,C,T,
nishimura,9,JJ=TA*J,,C,T,
dilsh,,,,%,F,
nishimura,,,,%%,F,
dilsh,9,6T=2*5*XA|X=6,,C,T,
nishimura,8,KQ=2^5*4A,,C,T,
dilsh,,,,%,F,
nishimura,,,,%%,F,
dilsh,,89,,P,T,W

mickey,66274382K3A,,,,,
dilsh,JT8246Q56KX,,,,,
mickey,,86=2*43,,C,T,
dilsh,A,KQ=2^5*4A,,C,T,
mickey,,,,%,F,
dilsh,5,6T=5*JX86|X=0,K4752XK,C,F,
mickey,,K6=2^3*A7,,C,T,W

mickey,66274382K3A,,,,,
dilsh,JT8246Q56KX,,,,,
mickey,,86=2*43,,C,T,
dilsh,A,KQ=2^5*4A,,C,T,
mickey,,,,%,F,
dilsh,5,6T=5*JX86|X=0,K4752XK,C,F,
mickey,,K6=2^3*A7,,C,T,W

mickey,66274382K3A,,,,,
dilsh,JT8246Q56KX,,,,,
mickey,,86=2*43,,C,T,
dilsh,A,KQ=2^5*4A,,C,T,
mickey,,,,%,F,
dilsh,5,6T=5*JX86|X=0,K4752XK,C,F,
mickey,,K6=2^3*A7,,C,T,W

dilsh,67832KT39AX,,,,,
sasara,J9425A44J5Q,,,,,
dilsh,,9K=83*X|X=J,,C,T,
sasara,5,,,%,F,
dilsh,3,27=3^3,,C,T,
sasara,K,Q5=5^2*5,,C,T,
dilsh,,,,%,F,
sasara,7,9A=7*K,,C,T,
dilsh,,,,%,F,
sasara,6,JJ4446,88JA3Q,P,F,
dilsh,,T6A,,P,T,W

dilsh,67832KT39AX,,,,,
sasara,J9425A44J5Q,,,,,
dilsh,,9K=83*X|X=J,,C,T,
sasara,5,,,%,F,
dilsh,3,27=3^3,,C,T,
sasara,K,Q5=5^2*5,,C,T,
dilsh,,,,%,F,
sasara,7,9A=7*K,,C,T,
dilsh,,,,%,F,
sasara,6,JJ4446,88JA3Q,P,F,
dilsh,,T6A,,P,T,W

dilsh,67832KT39AX,,,,,
sasara,J9425A44J5Q,,,,,
dilsh,,9K=83*X|X=J,,C,T,
sasara,5,,,%,F,
dilsh,3,27=3^3,,C,T,
sasara,K,Q5=5^2*5,,C,T,
dilsh,,,,%,F,
sasara,7,9A=7*K,,C,T,
dilsh,,,,%,F,
sasara,6,JJ4446,88JA3Q,P,F,
dilsh,,T6A,,P,T,W

nishimura,55K9TAQKA83,,,,,
sasara,654QX48T2K6,,,,,
nishimura,7,9,9,P,F,
sasara,T,,,%%,F,
nishimura,4,9,7,P,F,
sasara,5,,,%%,F,
nishimura,,78Q5=5^7,,C,T,
sasara,9,25QK=456689*4TTX|X=A,28J322J4XTJK6J,C,F,
nishimura,,KK=TA*A3,,C,T,
sasara,,,,%,F,
nishimura,,499,,P,T,W

sasara,48J7T966Q98,,,,,
kanaeneko,2K577QK7T2K,,,,,
sasara,K,,,%%,F,
kanaeneko,,TKQ=777K*K522,X3293JT5QAX,C,F,
sasara,J,46678899TQ=J*K*J,28J66453QT8A4,C,F,
kanaeneko,9,,,%%,F,
sasara,5,,,%%,F,
kanaeneko,,2379KQAT=2379KQJX*2*5|X=0,A4A3,C,F,
sasara,,Q4TQJ=K*9546247,,C,T,
kanaeneko,,9KQJT=2*5*9KQA3AAX|X=A,K9546247,C,F,
sasara,Q,,,%,F,
kanaeneko,,9765432T=97X5432A*2*5|X=6,,C,T,
sasara,4,,,%,F,
kanaeneko,,49=7*7,,C,T,
sasara,T,JQ=A34566688889*TTJ,QJ97X5432A2597654,C,F,
kanaeneko,,KK=TA*K,,C,T,
sasara,3,,,%,F,
kanaeneko,2,,,%%,F,
sasara,T,65QTA3=9J*7A483,,C,T,
kanaeneko,7,,,%,F,
sasara,7,8JQ=2^3*TX9|X=K,,C,T,
kanaeneko,,,,%,F,
sasara,4,,,%%,F,
kanaeneko,,QQ=2*2*3*XA|X=T,,C,T,
sasara,9,,,%,F,
kanaeneko,,K7J,,P,T,W

nishimura,KA64J2T896Q,,,,,
castella,J5XQ6798Q4A,,,,,
nishimura,A,,,%%,F,
castella,Q,QQQAX=456789*J|X=2,KXTT3J75KJ78,C,F,
nishimura,8,K=AA2466*889TJQ,5KA35269T7423,C,F,
castella,3,78Q5=5^7,,C,T,
nishimura,4,,,%%,F,
castella,9,949=K*73,,C,T,
nishimura,2,TT5=43*47*5,,C,T,
castella,5,QQX=JJJ*A3568TT|X=Q,778Q5K7343475,C,F,
nishimura,9,,,%%,F,
castella,4,,,%%,F,
nishimura,9,,,%%,F,
castella,T,78Q578Q5=5^7*4A*X7X|X=2|X=A,T5,C,F,
nishimura,,,,%%,F,
castella,,78Q578Q5=73*K7*5^4*5^3,,C,F,
nishimura,,,,%%,F,
castella,,8Q58Q5=5^4*K*73*K7,,C,T,
nishimura,,,,%%,F,
castella,5,,,%%,F,
nishimura,,,,%%,F,
castella,4,,,%%,F,
nishimura,K,,,%%,F,
castella,7,5J5J=7*7*J*A3*73,,C,T,
nishimura,3,,,%%,F,
castella,K,TTTTXX=4446*KQ|X=T|X=T,78Q58Q577JA3,C,F,
nishimura,7,,,%%,F,
castella,3,TT=T*T,5J5J,C,F,
nishimura,,,,%%,F,
castella,,T8Q5=5^4*A73,,C,T,
nishimura,,KKJQ=A64K89*2^3,,C,T,
castella,,KXQQ=445577*TTT|X=K,54A73A64K8923,C,F,
nishimura,T,,,%%,F,
castella,,JTTQKJKQ=2^4*6938A3X58AX457|X=9|X=9,8Q5KKJQ,C,F,
nishimura,,,,%%,F,
castella,,JTTQKJKQ=2^4*6938KX58AX457|X=2|X=9,,C,T,
nishimura,2,,,%%,F,
castella,4,,,%%,F,
nishimura,6,,,%%,F,
castella,9,65QTK=9J*7A483,,C,T,
nishimura,,,,%%,F,
castella,3,334457=J*Q,8KX58AX4,C,F,
nishimura,5,,,%%,F,
castella,7,845845=X*7*J*K^3|X=5,,C,T,
nishimura,J,,,%%,F,
castella,,AQ=X^4*7|X=2,,C,T,
nishimura,T,,,%,F,
castella,,3,,P,T,W

nishimura,KA64J2T896Q,,,,,
castella,J5XQ6798Q4A,,,,,
nishimura,A,,,%%,F,
castella,Q,QQQAX=456789*J|X=2,KXTT3J75KJ78,C,F,
nishimura,8,K=AA2466*889TJQ,5KA35269T7423,C,F,
castella,3,78Q5=5^7,,C,T,
nishimura,4,,,%%,F,
castella,9,949=K*73,,C,T,
nishimura,2,TT5=43*47*5,,C,T,
castella,5,QQX=JJJ*A3568TT|X=Q,778Q5K7343475,C,F,
nishimura,9,,,%%,F,
castella,4,,,%%,F,
nishimura,9,,,%%,F,
castella,T,78Q578Q5=5^7*4A*X7X|X=2|X=A,T5,C,F,
nishimura,,,,%%,F,
castella,,78Q578Q5=73*K7*5^4*5^3,,C,F,
nishimura,,,,%%,F,
castella,,8Q58Q5=5^4*K*73*K7,,C,T,
nishimura,,,,%%,F,
castella,5,,,%%,F,
nishimura,,,,%%,F,
castella,4,,,%%,F,
nishimura,K,,,%%,F,
castella,7,5J5J=7*7*J*A3*73,,C,T,
nishimura,3,,,%%,F,
castella,K,TTTTXX=4446*KQ|X=T|X=T,78Q58Q577JA3,C,F,
nishimura,7,,,%%,F,
castella,3,TT=T*T,5J5J,C,F,
nishimura,,,,%%,F,
castella,,T8Q5=5^4*A73,,C,T,
nishimura,,KKJQ=A64K89*2^3,,C,T,
castella,,KXQQ=445577*TTT|X=K,54A73A64K8923,C,F,
nishimura,T,,,%%,F,
castella,,JTTQKJKQ=2^4*6938A3X58AX457|X=9|X=9,8Q5KKJQ,C,F,
nishimura,,,,%%,F,
castella,,JTTQKJKQ=2^4*6938KX58AX457|X=2|X=9,,C,T,
nishimura,2,,,%%,F,
castella,4,,,%%,F,
nishimura,6,,,%%,F,
castella,9,65QTK=9J*7A483,,C,T,
nishimura,,,,%%,F,
castella,3,334457=J*Q,8KX58AX4,C,F,
nishimura,5,,,%%,F,
castella,7,845845=X*7*J*K^3|X=5,,C,T,
nishimura,J,,,%%,F,
castella,,AQ=X^4*7|X=2,,C,T,
nishimura,T,,,%,F,
castella,,3,,P,T,W

